
> scratch@0.1.0 build
> next build

Γû▓ Next.js 16.1.6 (Turbopack)
- Environments: .env

  Creating an optimized production build ...
Γ£ô Compiled successfully in 4.5s
  Running TypeScript ...
node.exe : Failed to compile.
At line:1 char:1
+ & "C:\Program Files\nodejs/node.exe" 
"C:\Program Files\nodejs/node_mo ...
+ ~~~~~~~~~~~~~~~~~~~~~~~~~~~~~~~~~~~~~~
~~~~~~~~~~~~~~~~~~~~~~~~~~~~~~~
    + CategoryInfo          : NotS    
pecified: (Failed to compile.:    
String) [], RemoteException
    + FullyQualifiedErrorId : Nati    
veCommandError
 

./app/api/auth/[...nextauth]/route.ts:3:
16
Type error: Property 'GET' does not 
exist on type '((args_0: 
NextApiRequest, args_1: 
NextApiResponse) => Promise<Session | 
null>) & (() => Promise<Session | 
null>) & ((args_0: 
GetServerSidePropsContext) => 
Promise<...>) & ((args_0: (req: 
NextAuthRequest, ctx: 
AppRouteHandlerFnContext) => void | ... 
1 more ... | Promise<...>) => 
AppRouteHandlerFn) & ((args_0: 
NextAut...'.

[0m [90m 1 |[39m [36mimport[39m { 
auth } [36mfrom[39m 
[32m"@/auth"[39m[33m;[39m
 [90m 2 |[39m
[31m[1m>[22m[39m[90m 3 |[39m 
[36mexport[39m [36mconst[39m { 
[33mGET[39m[33m,[39m [33mPOST[39m 
} [33m=[39m auth[33m;[39m
 [90m   |[39m                
[31m[1m^[22m[39m
 [90m 4 |[39m[0m
Next.js build worker exited with code: 
1 and signal: null
