app/admin/jobs/page.tsx(45,80): error TS2339: Property 'postedAt' does not exist on type '{ id: string; createdAt: Date; updatedAt: Date; type: string; title: string; location: string; salary: string | null; description: string; isActive: boolean; }'.
app/api/auth/[...nextauth]/route.ts(3,16): error TS2339: Property 'GET' does not exist on type '((args_0: NextApiRequest, args_1: NextApiResponse) => Promise<Session | null>) & (() => Promise<Session | null>) & ((args_0: GetServerSidePropsContext) => Promise<...>) & ((args_0: (req: NextAuthRequest, ctx: AppRouteHandlerFnContext) => void | ... 1 more ... | Promise<...>) => AppRouteHandlerFn) & ((args_0: NextAut...'.
app/api/auth/[...nextauth]/route.ts(3,21): error TS2339: Property 'POST' does not exist on type '((args_0: NextApiRequest, args_1: NextApiResponse) => Promise<Session | null>) & (() => Promise<Session | null>) & ((args_0: GetServerSidePropsContext) => Promise<...>) & ((args_0: (req: NextAuthRequest, ctx: AppRouteHandlerFnContext) => void | ... 1 more ... | Promise<...>) => AppRouteHandlerFn) & ((args_0: NextAut...'.
app/jobs/[id]/page.tsx(39,122): error TS2339: Property 'postedAt' does not exist on type '{ id: string; createdAt: Date; updatedAt: Date; type: string; title: string; location: string; salary: string | null; description: string; isActive: boolean; }'.
app/jobs/page.tsx(32,126): error TS2339: Property 'postedAt' does not exist on type '{ id: string; createdAt: Date; updatedAt: Date; type: string; title: string; location: string; salary: string | null; description: string; isActive: boolean; }'.
prisma.config.ts(2,30): error TS2307: Cannot find module 'prisma/config' or its corresponding type declarations.
